2025-09-22 11:58:21,036 INFO    MainThread:14585 [wandb_setup.py:_flush():79] Current SDK version is 0.18.7
2025-09-22 11:58:21,036 INFO    MainThread:14585 [wandb_setup.py:_flush():79] Configure stats pid to 14585
2025-09-22 11:58:21,036 INFO    MainThread:14585 [wandb_setup.py:_flush():79] Loading settings from /home/zizhongmeng/.config/wandb/settings
2025-09-22 11:58:21,036 INFO    MainThread:14585 [wandb_setup.py:_flush():79] Loading settings from /home/zizhongmeng/balsa/wandb/settings
2025-09-22 11:58:21,036 INFO    MainThread:14585 [wandb_setup.py:_flush():79] Loading settings from environment variables: {}
2025-09-22 11:58:21,036 INFO    MainThread:14585 [wandb_setup.py:_flush():79] Applying setup settings: {'mode': None, '_disable_service': None}
2025-09-22 11:58:21,036 INFO    MainThread:14585 [wandb_setup.py:_flush():79] Inferring run settings from compute environment: {'program_relpath': 'run.py', 'program_abspath': '/home/zizhongmeng/balsa/run.py', 'program': 'run.py'}
2025-09-22 11:58:21,036 INFO    MainThread:14585 [wandb_setup.py:_flush():79] Applying login settings: {}
2025-09-22 11:58:21,036 INFO    MainThread:14585 [wandb_init.py:_log_setup():533] Logging user logs to /home/zizhongmeng/balsa/wandb/run-20250922_115821-n8rssbjl/logs/debug.log
2025-09-22 11:58:21,036 INFO    MainThread:14585 [wandb_init.py:_log_setup():534] Logging internal logs to /home/zizhongmeng/balsa/wandb/run-20250922_115821-n8rssbjl/logs/debug-internal.log
2025-09-22 11:58:21,036 INFO    MainThread:14585 [wandb_init.py:init():619] calling init triggers
2025-09-22 11:58:21,036 INFO    MainThread:14585 [wandb_init.py:init():627] wandb.init called with sweep_config: {}
config: {}
2025-09-22 11:58:21,036 INFO    MainThread:14585 [wandb_init.py:init():669] starting backend
2025-09-22 11:58:21,036 INFO    MainThread:14585 [wandb_init.py:init():673] sending inform_init request
2025-09-22 11:58:21,037 INFO    MainThread:14585 [backend.py:_multiprocessing_setup():106] multiprocessing start_methods=fork,spawn,forkserver, using: spawn
2025-09-22 11:58:21,038 INFO    MainThread:14585 [wandb_init.py:init():686] backend started and connected
2025-09-22 11:58:21,041 INFO    MainThread:14585 [wandb_init.py:init():781] updated telemetry
2025-09-22 11:58:21,056 INFO    MainThread:14585 [wandb_init.py:init():814] communicating run to backend with 90.0 second timeout
2025-09-22 11:58:21,839 INFO    MainThread:14585 [wandb_init.py:init():867] starting run threads in backend
2025-09-22 11:58:21,903 INFO    MainThread:14585 [wandb_run.py:_console_start():2456] atexit reg
2025-09-22 11:58:21,903 INFO    MainThread:14585 [wandb_run.py:_redirect():2305] redirect: wrap_raw
2025-09-22 11:58:21,903 INFO    MainThread:14585 [wandb_run.py:_redirect():2370] Wrapping output streams.
2025-09-22 11:58:21,903 INFO    MainThread:14585 [wandb_run.py:_redirect():2395] Redirects installed.
2025-09-22 11:58:21,906 INFO    MainThread:14585 [wandb_init.py:init():911] run started, returning control to user process
2025-09-22 11:58:21,907 INFO    MainThread:14585 [wandb_run.py:_config_callback():1387] config_cb None None {'cls': 'type/experiments/Balsa_IMDBRandSplit', 'db': 'imdb', 'query_dir': 'queries/imdb/varying_label_queries_200/large_label_queries/queries', 'query_glob': ['*.sql'], 'test_query_glob': ['test*.sql'], 'engine': 'postgres', 'engine_dialect_query_dir': 'NoneType', 'run_baseline': False, 'drop_cache': True, 'plan_physical': True, 'cost_model': 'mincardcost', 'bushy': True, 'search_space_join_ops': ['Hash Join', 'Merge Join', 'Nested Loop'], 'search_space_scan_ops': ['Index Scan', 'Index Only Scan', 'Seq Scan'], 'lr': 0.001, 'lr_decay_rate': 'NoneType', 'lr_decay_iters': 'NoneType', 'lr_piecewise': [[0, 0.001], [60, 0.0005], [110, 0.00025], [160, 0.000125], [210, 0.0001]], 'use_adaptive_lr': 'NoneType', 'use_adaptive_lr_decay_to_zero': 'NoneType', 'final_decay_rate': 'NoneType', 'linear_decay_to_zero': False, 'reduce_lr_within_val_iter': False, 'inherit_optimizer_state': False, 'epochs': 100, 'bs': 1024, 'val_iters': 5, 'increment_iter_despite_timeouts': True, 'loss_type': 'NoneType', 'cross_entropy': False, 'l2_lambda': 0, 'adamw': 'NoneType', 'label_transforms': ['log1p', 'standardize'], 'label_transform_running_stats': False, 'update_label_stats_every_iter': True, 'gradient_clip_val': 0, 'early_stop_on_skip_fraction': 'NoneType', 'validate_fraction': 0.1, 'validate_every_n_epochs': 5, 'validate_early_stop_patience': 3, 'test_every_n_iters': 5, 'test_after_n_iters': 0, 'test_using_retrained_model': False, 'track_model_moving_averages': False, 'ema_decay': 0.95, 'sim': True, 'finetune_out_mlp_only': False, 'sim_checkpoint': 'NoneType', 'param_noise': 0.0, 'param_tau': 1.0, 'use_ema_source': False, 'skip_sim_init_iter_1p': False, 'generic_ops_only_for_min_card_cost': False, 'sim_data_collection_intermediate_goals': True, 'init_experience': 'data/initial_policy_data.pkl', 'skip_training_on_expert': True, 'dedup_training_data': True, 'on_policy': True, 'use_last_n_iters': -1, 'skip_training_on_timeouts': False, 'use_new_data_only': False, 'per_transition_sgd_steps': -1, 'physical_execution_hindsight': False, 'replay_buffer_reset_at_iter': 'NoneType', 'prev_replay_buffers_glob': 'NoneType', 'prev_replay_buffers_glob_val': 'NoneType', 'agent_checkpoint': 'NoneType', 'prev_replay_keep_last_fraction': 1, 'tree_conv': True, 'tree_conv_version': 'NoneType', 'sim_query_featurizer': True, 'perturb_query_features': 'NoneType', 'v2': True, 'pos_embs': True, 'dropout': 0.0, 'check_hint': True, 'beam': 20, 'search_method': 'beam_bk', 'search_until_n_complete_plans': 10, 'planner_config': 'NoneType', 'avoid_eq_filters': False, 'sim_use_plan_restrictions': True, 'real_use_plan_restrictions': True, 'epsilon_greedy': 0, 'epsilon_greedy_random_transform': False, 'epsilon_greedy_random_plan': False, 'epsilon_greedy_within_beam_search': False, 'explore_soft_v': False, 'explore_visit_counts': False, 'explore_visit_counts_sort': True, 'explore_visit_counts_latency_sort': False, 'use_timeout': True, 'initial_timeout_ms': 3000000, 'special_timeout_label': True, 'timeout_slack': 2, 'relax_timeout_factor': 'NoneType', 'relax_timeout_on_n_timeout_iters': 'NoneType', 'use_local_execution': True, 'use_cache': True}
2025-09-22 11:58:34,023 INFO    MainThread:14585 [wandb_run.py:_config_callback():1387] config_cb None None {'epochs': 100, 'gradient_clip_val': 0, 'bs': 1024, 'validate_fraction': 0.1, 'search.cls': 'type/balsa.search/DynamicProgramming', 'search.cost_model.cls': 'type/balsa.costing/MinCardCost', 'search.cost_model.cost_physical_ops': True, 'search.search_space': 'bushy', 'search.plan_physical_ops': True, 'search.collect_data_include_suboptimal': True, 'plan_physical': True, 'infer_search_method': 'beam_bk', 'infer_beam_size': 20, 'infer_search_until_n_complete_plans': 10, 'workload.cls': 'type/balsa.envs.envs/JoinOrderBenchmark', 'workload.query_dir': 'queries/imdb/varying_label_queries_200/large_label_queries/queries', 'workload.query_glob': ['*.sql'], 'workload.loop_through_queries': False, 'workload.test_query_glob': ['test*.sql'], 'workload.search_space_join_ops': ['Hash Join', 'Merge Join', 'Nested Loop'], 'workload.search_space_scan_ops': ['Index Scan', 'Index Only Scan', 'Seq Scan'], 'skip_data_collection_geq_num_rels': 12, 'generic_ops_only_for_min_card_cost': False, 'sim_data_collection_intermediate_goals': True, 'plan_featurizer_cls': 'type/balsa.util.plans_lib/PhysicalTreeNodeFeaturizer', 'query_featurizer_cls': 'type/sim/SimQueryFeaturizer', 'label_transforms': ['log1p', 'standardize'], 'perturb_query_features': 'NoneType', 'eval_output_path': 'eval-cost.csv', 'eval_latency_output_path': 'eval-latency.csv', 'tree_conv_version': 'NoneType', 'loss_type': 'NoneType'}
2025-09-22 11:58:34,064 INFO    MainThread:14585 [wandb_run.py:_config_callback():1387] config_cb None None {'use_tree_conv': True, 'query_feat_dims': 6, 'plan_feat_dims': 21, 'mlp_hiddens': [512, 512, 512], 'tree_conv_version': 'None', 'loss_type': 'None', 'perturb_query_features': 'None'}
2025-09-22 12:25:00,857 INFO    MainThread:14585 [wandb_run.py:_config_callback():1387] config_cb None None {}
2025-09-22 12:45:29,536 INFO    MainThread:14585 [wandb_run.py:_config_callback():1387] config_cb None None {}
2025-09-22 13:02:57,349 INFO    MainThread:14585 [wandb_run.py:_config_callback():1387] config_cb None None {}
2025-09-22 13:23:35,866 INFO    MainThread:14585 [wandb_run.py:_config_callback():1387] config_cb None None {}
2025-09-22 13:55:21,117 WARNING MsgRouterThr:14585 [router.py:message_loop():75] message_loop has been closed
