{"time":"2025-09-26T13:36:11.470646034+08:00","level":"INFO","msg":"using version","core version":"0.18.7"}
{"time":"2025-09-26T13:36:11.470689765+08:00","level":"INFO","msg":"created symlink","path":"/home/zizhongmeng/balsa/wandb/run-20250926_133611-c096qjmk/logs/debug-core.log"}
{"time":"2025-09-26T13:36:11.590212135+08:00","level":"INFO","msg":"created new stream","id":"c096qjmk"}
{"time":"2025-09-26T13:36:11.590273353+08:00","level":"INFO","msg":"stream: started","id":"c096qjmk"}
{"time":"2025-09-26T13:36:11.590396538+08:00","level":"INFO","msg":"writer: Do: started","stream_id":"c096qjmk"}
{"time":"2025-09-26T13:36:11.590457256+08:00","level":"INFO","msg":"handler: started","stream_id":"c096qjmk"}
{"time":"2025-09-26T13:36:11.590414125+08:00","level":"INFO","msg":"sender: started","stream_id":"c096qjmk"}
{"time":"2025-09-26T13:36:12.276777915+08:00","level":"INFO","msg":"Starting system monitor"}
{"time":"2025-09-26T13:44:48.193309727+08:00","level":"INFO","msg":"stream: closing","id":"c096qjmk"}
{"time":"2025-09-26T13:44:48.193403779+08:00","level":"INFO","msg":"Stopping system monitor"}
{"time":"2025-09-26T13:44:48.194893696+08:00","level":"INFO","msg":"Stopped system monitor"}
{"time":"2025-09-26T13:45:15.929218026+08:00","level":"INFO","msg":"api: retrying error","error":"Post \"https://api.wandb.ai/graphql\": context deadline exceeded"}
{"time":"2025-09-26T13:45:48.130193435+08:00","level":"INFO","msg":"api: retrying error","error":"Post \"https://api.wandb.ai/graphql\": context deadline exceeded"}
{"time":"2025-09-26T13:46:22.912732773+08:00","level":"INFO","msg":"api: retrying error","error":"Post \"https://api.wandb.ai/graphql\": context deadline exceeded"}
{"time":"2025-09-26T13:47:01.116690852+08:00","level":"INFO","msg":"api: retrying error","error":"Post \"https://api.wandb.ai/graphql\": net/http: request canceled (Client.Timeout exceeded while awaiting headers)"}
{"time":"2025-09-26T13:47:49.199475947+08:00","level":"INFO","msg":"api: retrying error","error":"Post \"https://api.wandb.ai/graphql\": net/http: request canceled (Client.Timeout exceeded while awaiting headers)"}
{"time":"2025-09-26T13:48:56.758583363+08:00","level":"INFO","msg":"api: retrying error","error":"Post \"https://api.wandb.ai/graphql\": context deadline exceeded"}
{"time":"2025-09-26T13:50:06.740497474+08:00","level":"INFO","msg":"fileTransfer: Close: file transfer manager closed"}
{"time":"2025-09-26T13:50:07.018547836+08:00","level":"INFO","msg":"handler: closed","stream_id":"c096qjmk"}
{"time":"2025-09-26T13:50:07.018633328+08:00","level":"INFO","msg":"writer: Close: closed","stream_id":"c096qjmk"}
{"time":"2025-09-26T13:50:07.018671784+08:00","level":"INFO","msg":"sender: closed","stream_id":"c096qjmk"}
{"time":"2025-09-26T13:50:07.036902813+08:00","level":"INFO","msg":"stream: closed","id":"c096qjmk"}
