{"time":"2025-08-26T20:51:04.818795448+08:00","level":"INFO","msg":"using version","core version":"0.18.7"}
{"time":"2025-08-26T20:51:04.81883934+08:00","level":"INFO","msg":"created symlink","path":"/home/zizhongmeng/balsa/wandb/run-20250826_205104-7jkzu3iq/logs/debug-core.log"}
{"time":"2025-08-26T20:51:04.936297348+08:00","level":"INFO","msg":"created new stream","id":"7jkzu3iq"}
{"time":"2025-08-26T20:51:04.93638592+08:00","level":"INFO","msg":"stream: started","id":"7jkzu3iq"}
{"time":"2025-08-26T20:51:04.936532807+08:00","level":"INFO","msg":"writer: Do: started","stream_id":"7jkzu3iq"}
{"time":"2025-08-26T20:51:04.93660856+08:00","level":"INFO","msg":"sender: started","stream_id":"7jkzu3iq"}
{"time":"2025-08-26T20:51:04.93673214+08:00","level":"INFO","msg":"handler: started","stream_id":"7jkzu3iq"}
{"time":"2025-08-26T20:51:07.078449924+08:00","level":"INFO","msg":"Starting system monitor"}
{"time":"2025-08-27T20:20:34.783580371+08:00","level":"INFO","msg":"stream: closing","id":"7jkzu3iq"}
{"time":"2025-08-27T20:20:34.783725077+08:00","level":"INFO","msg":"Stopping system monitor"}
{"time":"2025-08-27T20:20:34.79948054+08:00","level":"INFO","msg":"Stopped system monitor"}
{"time":"2025-08-27T20:20:35.189638329+08:00","level":"WARN","msg":"No job ingredients found, not creating job artifact"}
{"time":"2025-08-27T20:20:35.189681823+08:00","level":"WARN","msg":"No source type found, not creating job artifact"}
{"time":"2025-08-27T20:20:35.189693938+08:00","level":"INFO","msg":"sender: sendDefer: no job artifact to save"}
{"time":"2025-08-27T20:20:38.329912682+08:00","level":"INFO","msg":"fileTransfer: Close: file transfer manager closed"}
{"time":"2025-08-27T20:20:39.515362107+08:00","level":"INFO","msg":"handler: closed","stream_id":"7jkzu3iq"}
{"time":"2025-08-27T20:20:39.515444562+08:00","level":"INFO","msg":"writer: Close: closed","stream_id":"7jkzu3iq"}
{"time":"2025-08-27T20:20:39.515461391+08:00","level":"INFO","msg":"sender: closed","stream_id":"7jkzu3iq"}
{"time":"2025-08-27T20:20:39.515547213+08:00","level":"INFO","msg":"stream: closed","id":"7jkzu3iq"}
{"time":"2025-08-27T20:20:39.515737708+08:00","level":"WARN","msg":"runwork: ignoring record after close","work":{"Record":{"RecordType":{"Request":{"RequestType":{"Keepalive":{}}}},"control":{"local":true,"connection_id":"127.0.0.1:44978"},"_info":{"stream_id":"7jkzu3iq"}}}}
